================================================================================
Starting FedGraph NC batch-size convergence run: 20260828_003908_ogbn-papers100M_FedAvg_bs16_seed42_beta10000p0
{
  "batch_size": 16,
  "dataset": "ogbn-papers100M",
  "distribution_type": "average",
  "elastic_training": false,
  "evaluation_split": "validation",
  "global_rounds": 3,
  "gpu": true,
  "hf_artifact_num_hops": null,
  "iid_beta": 10000.0,
  "learning_rate": 0.01,
  "local_artifact_dir": "/mnt/fedgraph-nvme/artifacts/papers100m-10-0hop-v1",
  "local_artifact_rank_hosts": "/home/ubuntu/fedgraph-papers100m-rank-hosts.txt",
  "local_step": 1,
  "max_rounds": null,
  "method": "FedAvg",
  "n_trainer": 10,
  "num_cpus_per_trainer": 1,
  "num_gpus_per_trainer": 1.0,
  "num_hops": 0,
  "num_layers": 2,
  "pretrain_feature_upload_mode": "dense",
  "resource_monitor_mode": "manual",
  "resource_snapshot_interval_rounds": 1,
  "seed": 42,
  "server_device": "cpu",
  "target_train_comm_times_sec": [],
  "target_val_accs": [],
  "target_val_losses": [],
  "use_huggingface": false,
  "use_ogb_load_patch": true,
  "val_loss_min_delta": 0.0,
  "val_loss_patience": 20
}
================================================================================
FedGraph Differential Privacy module loaded (v1.0.0)
✓ Differential Privacy support loaded
Initialization start time recorded.
NC_RESOURCE_MONITOR, mode=manual, snapshot_interval_rounds=1, snapshot_path=benchmark/results/nc_batch_size_convergence/nc_papers100m_10trainer_0hop_local_artifact_smoke_3/runs/20260828_003908_ogbn-papers100M_FedAvg_bs16_seed42_beta10000p0/fedgraph_logs/resource_snapshots.jsonl
2026-08-28 00:39:13,399	INFO worker.py:1683 -- Using address 10.195.25.34:6379 set in the environment variable RAY_ADDRESS
2026-08-28 00:39:13,401	INFO worker.py:1833 -- Connecting to existing Ray cluster at address: 10.195.25.34:6379...
2026-08-28 00:39:13,421	INFO worker.py:2015 -- Connected to Ray cluster. View the dashboard at [1m[32mhttp://127.0.0.1:8265 [39m[22m
Changing method to FedAvg
LOCAL_ARTIFACT_RANK_AFFINITY, rank=0, host=10.195.25.35, node_id=eda1ca58f998fcbe8abb3c831bf5a895faaa8f50624d0949ca9d5633
LOCAL_ARTIFACT_RANK_AFFINITY, rank=1, host=10.195.25.15, node_id=14dee64ec2591badaedd92b5d31ef0b5b265d45531b6b9d76b5b70cf
LOCAL_ARTIFACT_RANK_AFFINITY, rank=2, host=10.195.25.42, node_id=5e1f54b1760cbc3b20c454559460f3518de27d8656eb065cf8c764fa
LOCAL_ARTIFACT_RANK_AFFINITY, rank=3, host=10.195.25.38, node_id=d62ba32958e129ebdc949e59d0c1060c24a4c97dc166ac338913eccd
LOCAL_ARTIFACT_RANK_AFFINITY, rank=4, host=10.195.25.16, node_id=899829cf244bbf0cc450b13a22000ee8bc54c00a095c8968d4312c3c
LOCAL_ARTIFACT_RANK_AFFINITY, rank=5, host=10.195.25.33, node_id=baaa767869f9388209be85a83516033541c833946db4f6cbbc66688a
LOCAL_ARTIFACT_RANK_AFFINITY, rank=6, host=10.195.25.12, node_id=4e946982c8aaa3f0bc7db9413012143e8e0c66e75eb70415fbbbd3aa
LOCAL_ARTIFACT_RANK_AFFINITY, rank=7, host=10.195.25.28, node_id=7b65d222860f04f1d25ca1fe523553652de3deea57ad70314b7b70e9
LOCAL_ARTIFACT_RANK_AFFINITY, rank=8, host=10.195.25.61, node_id=66b5d2d7ab8fbafd232cae19087ec0866ea3e0c5423be8a15ed49974
LOCAL_ARTIFACT_RANK_AFFINITY, rank=9, host=10.195.25.14, node_id=3ba93f8957fea1bf25a85143be39b4b5092b2590d02bb27536a54785
[36m(pid=22022, ip=10.195.25.12)[0m FedGraph Differential Privacy module loaded (v1.0.0)
[36m(pid=22022, ip=10.195.25.12)[0m ✓ Differential Privacy support loaded
[36m(Trainer pid=22022, ip=10.195.25.12)[0m Loaded local artifact shard 6 from /mnt/fedgraph-nvme/artifacts/papers100m-10-0hop-v1/shards/trainer-006
[36m(Trainer pid=22022, ip=10.195.25.12)[0m Running GCN_arxiv
[36m(pid=4821, ip=10.195.25.28)[0m FedGraph Differential Privacy module loaded (v1.0.0)[32m [repeated 9x across cluster] (Ray deduplicates logs by default. Set RAY_DEDUP_LOGS=0 to disable log deduplication, or see https://docs.ray.io/en/master/ray-observability/user-guides/configure-logging.html#log-deduplication for more options.)[0m
[36m(pid=4821, ip=10.195.25.28)[0m ✓ Differential Privacy support loaded[32m [repeated 9x across cluster][0m
Running GCN_arxiv
//Log init_time: 11432.529 ms //end
Pretrain start time recorded.
//pretrain_time: 0.078 ms//end
Train start time recorded.
global_rounds 3
Round 1: Global Val Loss = 5.1578
Round 1: Global Val Accuracy = 0.0046
Round 1: Training Time = 0.75s, Communication Time = 0.05s
Round 2: Global Val Loss = 5.1544
Round 2: Global Val Accuracy = 0.0052
Round 2: Training Time = 0.40s, Communication Time = 0.04s
Round 3: Global Val Loss = 5.1508
Round 3: Global Val Accuracy = 0.0059
Round 3: Training Time = 0.40s, Communication Time = 0.04s
//train_time: 7237.165 ms//end

================================================================================
TIME BREAKDOWN (excluding initialization)
================================================================================
Total Pure Training Time (forward + gradient descent): 1.54 seconds
Total Communication Time (parameter aggregation): 0.13 seconds
Total Training + Communication Time: 7.24 seconds
Training Time Percentage: 21.3%
Communication Time Percentage: 1.7%
Average Training Time per Round: 0.51 seconds
Average Communication Time per Round: 0.04 seconds
================================================================================
[Pure Training Time] Dataset: ogbn-papers100M, Batch Size: 16, Trainers: 10, Hops: 0, IID Beta: 10000.0 => Pure Training Time = 1.54 seconds
[Communication Time] Dataset: ogbn-papers100M, Batch Size: 16, Trainers: 10, Hops: 0, IID Beta: 10000.0 => Communication Time = 0.13 seconds
average_final_test_loss, 5.149253145140441
Average test accuracy, 0.006079183284003726

================================================================================
INDIVIDUAL TRAINER MEMORY USAGE
================================================================================

====================================================================================================
TRAINER MEMORY vs LOCAL GRAPH SIZE
====================================================================================================
Trainer  Memory(MB)   Nodes    Edges    Memory/Node  Memory/Edge 
----------------------------------------------------------------------------------------------------
0        2001.1       11105996 16161841 0.000        0.000       
1        1989.4       11105996 16103414 0.000        0.000       
2        1990.8       11105996 16168082 0.000        0.000       
3        1984.0       11105996 16129421 0.000        0.000       
4        1990.2       11105996 16163517 0.000        0.000       
5        1983.4       11105996 16134668 0.000        0.000       
6        1987.3       11105995 16210870 0.000        0.000       
7        2005.6       11105995 16148948 0.000        0.000       
8        1991.0       11105995 16159359 0.000        0.000       
9        1990.7       11105995 16178073 0.000        0.000       
====================================================================================================
Total Memory Usage: 19913.5 MB (19.45 GB)
Total Nodes: 111059956, Total Edges: 161558193
Average Memory per Trainer: 1991.4 MB
Average Nodes per Trainer: 11105995.6
Average Edges per Trainer: 16155819.3
Max Memory: 2005.6 MB (Trainer 7)
Min Memory: 1983.4 MB (Trainer 5)
Overall Memory/Node Ratio: 0.000 MB/node
Overall Memory/Edge Ratio: 0.000 MB/edge
====================================================================================================
//Log Theoretical Pretrain Comm Cost: 0.00 MB //end
//Log Theoretical Train Comm Cost: 17.79 MB //end

================================================================================
CSV FORMAT RESULT:
DS,IID,BS,TotalTime[s],PureTrainingTime[s],CommTime[s],FinalAcc[%],CommCost[MB],PeakMem[MB],AvgRoundTime[s],ModelSize[MB],TotalParams
ogbn-papers100M,10000.0,16,21.4,1.5,0.1,0.01,17.8,2005.6,0.515,0.297,0
================================================================================

================================================================================
EXPERIMENT SUMMARY
================================================================================
Dataset: ogbn-papers100M
Method: FedAvg
Trainers: 10
IID Beta: 10000.0
Batch Size: 16
Hops: 0
Total Execution Time: 21.42 seconds
Pure Training Time: 1.54 seconds
Communication Time: 0.13 seconds
Pretrain Comm Cost: 0.00 MB
Training Comm Cost: 17.79 MB
================================================================================

NC_RESOURCE_MONITOR_SUMMARY, snapshot_path=benchmark/results/nc_batch_size_convergence/nc_papers100m_10trainer_0hop_local_artifact_smoke_3/runs/20260828_003908_ogbn-papers100M_FedAvg_bs16_seed42_beta10000p0/fedgraph_logs/resource_snapshots.jsonl, summary_path=benchmark/results/nc_batch_size_convergence/nc_papers100m_10trainer_0hop_local_artifact_smoke_3/runs/20260828_003908_ogbn-papers100M_FedAvg_bs16_seed42_beta10000p0/fedgraph_logs/resource_snapshot_summary.json
[36m(Trainer pid=4821, ip=10.195.25.28)[0m Loaded local artifact shard 7 from /mnt/fedgraph-nvme/artifacts/papers100m-10-0hop-v1/shards/trainer-007[32m [repeated 9x across cluster][0m
[36m(Trainer pid=4794, ip=10.195.25.33)[0m Running GCN_arxiv[32m [repeated 9x across cluster][0m
